WARNING >  Line:60 - Exception found in index view: list index out of range
WARNING >  Line:152 - Not Found: /favicon.ico
WARNING >  Line:152 - Not Found: /favicon.ico
